// Jest Snapshot v1, https://goo.gl/fbAQLP

exports[`UpdateUserMutation successfully updates when user is admin 1`] = `
Array [
  "SELECT * FROM \\"user\\" WHERE \\"user\\".\\"deleted_at\\" IS NULL AND \\"id\\" IN ($1)",
  "UPDATE \\"user\\" SET \\"email\\" = $1, \\"updated_by\\" = $2, \\"updated_at\\" = $3 WHERE \\"id\\" = $4 RETURNING *",
]
`;
